<?xml version="1.0" encoding="utf-8"?><testsuites><testsuite errors="0" failures="0" hostname="alaudadeMacBook-Pro-2.local" name="pytest" skipped="0" tests="10" time="566.492" timestamp="2020-11-19T16:58:50.824230"><testcase classname="new_case.devops.devops_cicd.test_pipeline_config.TestPipelineSuite" file="new_case/devops/devops_cicd/test_pipeline_config.py" line="48" name="测试创建golang构建配置" time="45.220"></testcase><testcase classname="new_case.devops.devops_cicd.test_pipeline_config.TestPipelineSuite" file="new_case/devops/devops_cicd/test_pipeline_config.py" line="75" name="测试获取流水线列表" time="0.077"></testcase><testcase classname="new_case.devops.devops_cicd.test_pipeline_config.TestPipelineSuite" file="new_case/devops/devops_cicd/test_pipeline_config.py" line="80" name="测试获取流水线详情" time="6.187"></testcase><testcase classname="new_case.devops.devops_cicd.test_pipeline_config.TestPipelineSuite" file="new_case/devops/devops_cicd/test_pipeline_config.py" line="88" name="测试串行执行golang构建配置" time="10.863"></testcase><testcase classname="new_case.devops.devops_cicd.test_pipeline_config.TestPipelineSuite" file="new_case/devops/devops_cicd/test_pipeline_config.py" line="131" name="测试更新golang流水线" time="0.126"></testcase><testcase classname="new_case.devops.devops_cicd.test_pipeline_config.TestPipelineSuite" file="new_case/devops/devops_cicd/test_pipeline_config.py" line="160" name="测试并行执行golang构建配置" time="22.859"></testcase><testcase classname="new_case.devops.devops_cicd.test_pipeline_config.TestPipelineSuite" file="new_case/devops/devops_cicd/test_pipeline_config.py" line="177" name="测试执行golang构建配置完成和再次执行" time="450.695"></testcase><testcase classname="new_case.devops.devops_cicd.test_pipeline_config.TestPipelineSuite" file="new_case/devops/devops_cicd/test_pipeline_config.py" line="197" name="测试取消执行golang构建配置" time="13.126"></testcase><testcase classname="new_case.devops.devops_cicd.test_pipeline_config.TestPipelineSuite" file="new_case/devops/devops_cicd/test_pipeline_config.py" line="214" name="测试删除golang构建配置记录" time="0.306"></testcase><testcase classname="new_case.devops.devops_cicd.test_pipeline_config.TestPipelineSuite" file="new_case/devops/devops_cicd/test_pipeline_config.py" line="223" name="测试删除流水线" time="2.091"></testcase></testsuite></testsuites>